CORRECT PROJECT STRUCTURE
=========================

Your project should look EXACTLY like this:

take-care-assessment/                    ← Root folder
│
├── components/
│   └── take-care-assessment.jsx
│
├── pages/                               ← MUST BE HERE!
│   ├── api/
│   │   ├── flodesk-subscribe.js
│   │   └── generate-results.js
│   ├── _app.js
│   ├── _document.js
│   └── index.js
│
├── public/
│   ├── favicon.png
│   └── logo.png
│
├── .env.local.example
├── .gitignore
├── package.json                         ← MUST BE HERE!
├── vercel.json
├── questions.json
│
└── Documentation files:
    ├── DEPLOYMENT.md
    ├── FIXING_BUILD_ERROR.md
    ├── FIXING_FLODESK_ERROR.md
    ├── LOGO_INTEGRATION.md
    ├── PROJECT_SUMMARY.md
    ├── QUICKSTART.md
    ├── README.md
    └── STRUCTURE_FIX.md


HOW TO VERIFY:
==============

1. Extract/download all files
2. Open the main folder
3. You should IMMEDIATELY see these folders:
   ✓ components/
   ✓ pages/
   ✓ public/

4. You should IMMEDIATELY see this file:
   ✓ package.json

If you see ANOTHER folder first, you're one level too deep!


WRONG STRUCTURE (DO NOT DO THIS):
==================================

❌ take-care-assessment/
   └── take-care-assessment/            ← Extra folder = ERROR!
       └── pages/
       └── package.json


TESTING LOCALLY:
================

Open terminal in the folder where you see package.json:

$ ls
components/  pages/  public/  package.json  ← Good!

$ npm install
$ npm run dev

If you see "Ready" message, structure is correct!


DEPLOYING TO VERCEL:
====================

Method 1: GitHub (Recommended)
- Push this folder structure to GitHub
- Import to Vercel
- Root Directory: ./ (default)

Method 2: Vercel CLI
$ cd take-care-assessment
$ vercel

Method 3: Direct Upload
- If structure is correct locally
- Zip the folder
- Upload to Vercel
- Set Root Directory if needed
